// Jest Snapshot v1, https://goo.gl/fbAQLP

exports[`FallbackImageBackground component can accept children 1`] = `
<View
  accessibilityIgnoresInvertColors={true}
  style={
    Object {
      "height": 100,
      "width": 100,
    }
  }
>
  <Image
    onError={[Function]}
    source={
      Object {
        "uri": "not-a-real-url.png",
      }
    }
    style={
      Array [
        Object {
          "bottom": 0,
          "left": 0,
          "position": "absolute",
          "right": 0,
          "top": 0,
        },
        Object {
          "height": 100,
          "width": 100,
        },
        undefined,
      ]
    }
    testID="fallback-image"
  />
  <Text>
    Test
  </Text>
</View>
`;
