// Jest Snapshot v1, https://goo.gl/fbAQLP

exports[`Recent Teaching component on Home Screen Snapshot using data from Sunday Dec 27 1`] = `
<View
  style={
    Object {
      "alignItems": "center",
      "backgroundColor": "#000000",
    }
  }
  testID="teaching-notes"
>
  <Image
    onError={[Function]}
    source={
      Object {
        "uri": "https://themeetinghouse.com/static/photos/series/adult-sunday-000.jpg",
      }
    }
    style={
      Object {
        "alignSelf": "center",
        "height": 192,
        "marginBottom": 24,
        "width": 159.975,
      }
    }
    testID="fallback-image"
  />
  <View
    style={
      Object {
        "alignItems": "center",
        "marginHorizontal": 16,
      }
    }
  >
    <Text
      style={
        Object {
          "color": "#ffffff",
          "fontFamily": "Graphik-Bold-App",
          "fontSize": 32,
          "marginBottom": 8,
          "textAlign": "center",
        }
      }
    >
      Tired Feet. Hopeful Hearts.
    </Text>
    <Text
      style={
        Object {
          "color": "#c8c8c8",
          "fontSize": 12,
          "marginBottom": 14,
        }
      }
    >
      December 27, 2020
    </Text>
    <Text
      ellipsizeMode="tail"
      numberOfLines={2}
      onPress={[Function]}
      style={
        Object {
          "color": "#c8c8c8",
          "fontSize": 16,
          "lineHeight": 24,
          "marginBottom": 32,
          "textAlign": "center",
        }
      }
      testID="description"
    >
      As Jesus people, we aren't the ones with all the answers - we're the ones with hope. We partner, wait, labour, and celebrate with the One who doesn't grow tired or weary as He ushers in his kingdom.
    </Text>
  </View>
  <View
    testID="notes-button"
  >
    <View
      style={
        Array [
          Object {
            "paddingBottom": 10,
            "paddingTop": 10,
          },
          undefined,
        ]
      }
    >
      <View
        accessible={true}
        focusable={true}
        onClick={[Function]}
        onResponderGrant={[Function]}
        onResponderMove={[Function]}
        onResponderRelease={[Function]}
        onResponderTerminate={[Function]}
        onResponderTerminationRequest={[Function]}
        onStartShouldSetResponder={[Function]}
        style={
          Object {
            "alignItems": "center",
            "backgroundColor": "transparent",
            "flexDirection": "row",
            "opacity": 1,
          }
        }
      >
        <Image
          accessibilityLabel="icon"
          source={1}
          style={
            Array [
              Object {
                "height": 24,
                "width": 24,
              },
              Object {
                "marginLeft": 0,
              },
              Object {},
            ]
          }
        />
        <Text
          style={
            Array [
              Object {
                "borderBottomColor": "#ffffff",
                "borderBottomWidth": 1,
                "color": "#ffffff",
                "marginLeft": 15,
                "marginRight": 15,
                "paddingBottom": 3,
                "paddingTop": 3,
              },
              Object {},
              Object {},
            ]
          }
        >
          Notes
        </Text>
        <View
          style={
            Object {
              "flex": 1,
            }
          }
        />
      </View>
    </View>
  </View>
</View>
`;

exports[`Recent Teaching component on Home Screen Snapshot using null data 1`] = `
<View
  style={
    Array [
      Object {
        "padding": 15,
      },
      undefined,
    ]
  }
>
  <ActivityIndicator
    animating={true}
    color="#ffffff"
    hidesWhenStopped={true}
    size="large"
  />
</View>
`;
